// Jest Snapshot v1, https://goo.gl/fbAQLP

exports[`<GameTable /> renders correctly and to match snapshot 1`] = `
<div
  className="ant-result ant-result-info"
>
  <div
    className="ant-result-icon"
  >
    <span
      aria-label="table"
      className="anticon anticon-table"
      role="img"
    >
      <svg
        aria-hidden="true"
        data-icon="table"
        fill="currentColor"
        focusable="false"
        height="1em"
        viewBox="64 64 896 896"
        width="1em"
      >
        <path
          d="M928 160H96c-17.7 0-32 14.3-32 32v640c0 17.7 14.3 32 32 32h832c17.7 0 32-14.3 32-32V192c0-17.7-14.3-32-32-32zm-40 208H676V232h212v136zm0 224H676V432h212v160zM412 432h200v160H412V432zm200-64H412V232h200v136zm-476 64h212v160H136V432zm0-200h212v136H136V232zm0 424h212v136H136V656zm276 0h200v136H412V656zm476 136H676V656h212v136z"
        />
      </svg>
    </span>
  </div>
  <div
    className="ant-result-title"
  >
    Press START and start playing Minesweeper!
  </div>
</div>
`;
